[pub.dev/packages/intro_slider.html]
[www.googletagmanager.com/gtme317.js]
[backblue.gif]
[fade.gif]
[index.html]
[pub.dev/static/js/gtm5e5d.js]
[pub.dev/static/img/flutter-logo-32x327ee8.png]
[pub.dev/static/css/stylea18f.css]
[pub.dev/static/js/script.dart42fe.js]
[pub.dev/packages/intro_slider/changelog.html]
[pub.dev/packages/intro_slider/example.html]
[pub.dev/packages/intro_slider/install.html]
[pub.dev/packages/intro_slider/versions.html]
[pub.dev/packages/intro_slider/score.html]
[raw.githubusercontent.com/duytq94/flutter-intro-slider/master/screenshots/custom.gif]
[raw.githubusercontent.com/duytq94/flutter-intro-slider/master/screenshots/custom3.jpg]
[pub.dev/static/img/bug-report-white-96px172f.png]
[pub.dev/packages/intro_slider.html]
[pub.dev/static/img/square-bg-full-2xe23f.png]
[pub.dev/static/css/stylea18f.css]
[pub.dev/static/css/github-markdowne1e8.css]
[pub.dev/packages/intro_slider/changelog.html]
[pub.dev/packages/intro_slider/example.html]
[pub.dev/packages/intro_slider/install.html]
[pub.dev/static/material/material-components-web.mina8ff.js]
[pub.dev/packages/intro_slider/versions/2.3.html]
[pub.dev/packages/intro_slider/versions/2.2.html]
[pub.dev/packages/intro_slider/versions/2.2-2.html]
[pub.dev/packages/intro_slider/versions/2.2-3.html]
[pub.dev/packages/intro_slider/versions/2.2-4.html]
[pub.dev/packages/intro_slider/versions/2.1.html]
[pub.dev/packages/intro_slider/versions/2.0.html]
[pub.dev/packages/intro_slider/versions/2.0-2.html]
[pub.dev/packages/intro_slider/versions/1.2.html]
[pub.dev/packages/intro_slider/versions/1.2-2.html]
[pub.dev/packages/intro_slider/versions/1.1.html]
[pub.dev/packages/intro_slider/versions/1.1-2.html]
[pub.dev/packages/intro_slider/versions/1.1-3.html]
[pub.dev/packages/intro_slider/versions/1.1-4.html]
[pub.dev/packages/intro_slider/versions/1.0.html]
[pub.dev/packages/intro_slider/versions/1.0-2.html]
[pub.dev/packages/intro_slider/versions/1.0-3.html]
[pub.dev/packages/intro_slider/versions/1.0-4.html]
[pub.dev/packages/intro_slider/versions/1.0-5.html]
[pub.dev/packages/intro_slider/versions.html]
[pub.dev/packages/characters.html]
[pub.dev/packages/sky_engine.html]
